// Vitest Snapshot v1, https://vitest.dev/guide/snapshot.html

exports[`config > generated files 1`] = `
{
  "../assets/external.js": {
    "file": "assets/external-TUcZQQlC.js",
    "integrity": "sha384-afpxQsY7Zl0vHthljoHJFlj4eX3fvxujTRCy532FF3prt0UsynDiMGZaI9HOENvv",
    "isEntry": true,
    "src": "../assets/external.js",
  },
  "../assets/logo.png": {
    "file": "assets/logo-j5j6qipL.png",
    "integrity": "sha384-IGw3tfo4Xt0lp6sO9t5mYtILwfBxDFR8sRCtroxGjhE3r9UxNYgtimkCNzsJU9AP",
    "src": "app/assets/logo.png",
  },
  "../assets/theme.css": {
    "file": "assets/theme-gVQjH5fM.css",
    "integrity": "sha384-tXSaWp9h7f9IDyqcyqxE2oHEre7hVTMpGM1IZPUdwc9do71+G5Fb37fW6KleExPw",
    "isEntry": true,
    "src": "../assets/theme.css",
  },
  "entrypoints/app.css": {
    "file": "assets/app-HiPXl-_u.css",
    "integrity": "sha384-j2SX6yHUu2YQv/067X7HfP4nv2AUV8u5F+we/wI1eQKP0FweNgIiRxCg6vhW6yJE",
    "isEntry": true,
    "src": "entrypoints/app.css",
  },
  "entrypoints/frameworks/vue.js": {
    "css": [
      "assets/vue-Mdlordc1.css",
    ],
    "file": "assets/vue-eqttolrD.js",
    "integrity": "sha384-6gtOC4AW4VZcDnsQqkGMNawlK0PQsbPs0MGQ980Umdx2UHjMHpBXMor4rtgjervR",
    "isEntry": true,
    "src": "entrypoints/frameworks/vue.js",
  },
  "entrypoints/main.ts": {
    "css": [
      "assets/app-HiPXl-_u.css",
      "assets/theme-gVQjH5fM.css",
    ],
    "file": "assets/main-E96L_vrM.js",
    "imports": [
      "entrypoints/frameworks/vue.js",
    ],
    "integrity": "sha384-Vp1tt9FfnLGaJafO0IbRYkaLSCnR2xJj0OIL7Fz040Gx9DwwCZ3CyByPRFy1mBDP",
    "isEntry": true,
    "src": "entrypoints/main.ts",
  },
  "entrypoints/sassy.scss": {
    "file": "assets/sassy-NCcoc604.css",
    "integrity": "sha384-4tkn835gOI7C29uZzlN/PGxd+XyQTG1/9AHpbWYbYLbgWZ1UmDDBFW1iq43MC70L",
    "isEntry": true,
    "src": "entrypoints/sassy.scss",
  },
  "images/logo.png": {
    "file": "assets/logo-Yf1y9V5e.png",
    "integrity": "sha384-zHCg6OQ1T1xX21KMsW9Bb2ECIIMeec41+3KtT0gygdsrmm/Z5qD5TVtTPhyJNGot",
    "src": "images/logo.png",
  },
  "images/logo.svg": {
    "file": "assets/logo-DbqOB_Bf.svg",
    "integrity": "sha384-qQuFPGf9f7DHitjACIjHvY2GwlcFjg+HatTRP3bwG7iAX8MzOW4Sr2dfca6uZlDA",
    "src": "images/logo.svg",
  },
  "index.html": {
    "css": [
      "assets/sassy-NCcoc604.css",
      "assets/app-HiPXl-_u.css",
      "assets/theme-gVQjH5fM.css",
    ],
    "file": "assets/index-ChIRGsHu.js",
    "imports": [
      "entrypoints/main.ts",
      "entrypoints/frameworks/vue.js",
    ],
    "integrity": "sha384-VQYOqTB26w+BvFbNf9g399k8VIDD6LltF/epq+w/O7yKihiZSnV6iGxbK4pAgc02",
    "isEntry": true,
    "src": "index.html",
  },
  "logo.png": {
    "file": "assets/logo-j5j6qipL.png",
    "integrity": "sha384-IGw3tfo4Xt0lp6sO9t5mYtILwfBxDFR8sRCtroxGjhE3r9UxNYgtimkCNzsJU9AP",
    "src": "logo.png",
  },
  "logo.svg": {
    "file": "assets/logo-DbqOB_Bf.svg",
    "integrity": "sha384-qQuFPGf9f7DHitjACIjHvY2GwlcFjg+HatTRP3bwG7iAX8MzOW4Sr2dfca6uZlDA",
    "src": "logo.svg",
  },
}
`;
